// Jest Snapshot v1, https://goo.gl/fbAQLP

exports[`ProductService return array Products 1`] = `
Object {
  "description": Any<String>,
  "id": Any<Number>,
  "image": Any<String>,
  "name": Any<String>,
  "price": Any<Number>,
  "stock": Any<Number>,
}
`;

exports[`ProductService return array Products 2`] = `
Object {
  "description": Any<String>,
  "id": Any<Number>,
  "image": Any<String>,
  "name": Any<String>,
  "price": Any<Number>,
  "stock": Any<Number>,
}
`;

exports[`ProductService return element one 1`] = `
Object {
  "description": Any<String>,
  "id": Any<Number>,
  "image": Any<String>,
  "name": Any<String>,
  "price": Any<Number>,
  "stock": Any<Number>,
}
`;
